>>> say_my_name = __import__('3-say_my_name').say_my_name
>>> say_my_name("John", "Smith")
My name is John Smith
>>> say_my_name("Walter", "White")
My name is Walter White
>>> say_my_name("Bob")
My name is Bob 
>>> say_my_name(12, "White")
Traceback (most recent call last):
...
TypeError: first_name must be a string
>>> say_my_name("Paul", (1, 2))
Traceback (most recent call last):
...
TypeError: last_name must be a string

>>> len(__import__("3-say_my_name").__doc__) > 0
True

>>> len(__import__("3-say_my_name").say_my_name.__doc__) > 0
True

>>> import os
>>> os.system("pep8 3-say_my_name.py")
0

>>> os.popen('head -1 3-say_my_name.py').read()
'#!/usr/bin/python3\n'